---
source: tests/examples_test.rs
expression: events
---
[
    TrackEvent {
        track: "Piano",
        event: Note {
            time: 0.0,
            duration: 4.0,
            channel: 0,
            note: 60,
            velocity: 100,
        },
    },
    TrackEvent {
        track: "Piano",
        event: Note {
            time: 0.0,
            duration: 4.0,
            channel: 0,
            note: 67,
            velocity: 100,
        },
    },
    TrackEvent {
        track: "Piano",
        event: Note {
            time: 0.0,
            duration: 4.0,
            channel: 0,
            note: 71,
            velocity: 100,
        },
    },
    TrackEvent {
        track: "Piano",
        event: Note {
            time: 0.0,
            duration: 4.0,
            channel: 0,
            note: 76,
            velocity: 100,
        },
    },
    TrackEvent {
        track: "Piano",
        event: Note {
            time: 4.0,
            duration: 4.0,
            channel: 0,
            note: 57,
            velocity: 100,
        },
    },
    TrackEvent {
        track: "Piano",
        event: Note {
            time: 4.0,
            duration: 4.0,
            channel: 0,
            note: 67,
            velocity: 100,
        },
    },
    TrackEvent {
        track: "Piano",
        event: Note {
            time: 4.0,
            duration: 4.0,
            channel: 0,
            note: 72,
            velocity: 100,
        },
    },
    TrackEvent {
        track: "Piano",
        event: Note {
            time: 4.0,
            duration: 4.0,
            channel: 0,
            note: 76,
            velocity: 100,
        },
    },
]
