---
source: tests/examples_test.rs
expression: events
---
[
    TrackEvent {
        track: "Bass",
        event: Note {
            time: 0.0,
            duration: 7.0,
            channel: 1,
            note: 48,
            velocity: 100,
        },
    },
    TrackEvent {
        track: "Bass",
        event: Note {
            time: 0.0,
            duration: 2.0,
            channel: 1,
            note: 55,
            velocity: 100,
        },
    },
    TrackEvent {
        track: "Bass",
        event: Note {
            time: 1.0,
            duration: 1.0,
            channel: 1,
            note: 50,
            velocity: 100,
        },
    },
    TrackEvent {
        track: "Bass",
        event: Note {
            time: 2.0,
            duration: 3.0,
            channel: 1,
            note: 52,
            velocity: 100,
        },
    },
    TrackEvent {
        track: "Bass",
        event: Note {
            time: 2.0,
            duration: 2.0,
            channel: 1,
            note: 55,
            velocity: 100,
        },
    },
    TrackEvent {
        track: "Bass",
        event: Note {
            time: 3.0,
            duration: 1.0,
            channel: 1,
            note: 50,
            velocity: 100,
        },
    },
    TrackEvent {
        track: "Bass",
        event: Note {
            time: 4.0,
            duration: 2.0,
            channel: 1,
            note: 55,
            velocity: 100,
        },
    },
    TrackEvent {
        track: "Bass",
        event: Note {
            time: 5.0,
            duration: 3.0,
            channel: 1,
            note: 50,
            velocity: 100,
        },
    },
]
