---
source: tests/examples_test.rs
expression: events
---
[
    TrackEvent {
        track: "Bass",
        event: Note {
            time: 0.0,
            duration: 4.0,
            channel: 1,
            note: 48,
            velocity: 100,
        },
    },
    TrackEvent {
        track: "Bass",
        event: Note {
            time: 0.0,
            duration: 4.0,
            channel: 1,
            note: 55,
            velocity: 100,
        },
    },
    TrackEvent {
        track: "Melody",
        event: Note {
            time: 0.0,
            duration: 2.0,
            channel: 0,
            note: 72,
            velocity: 100,
        },
    },
    TrackEvent {
        track: "Melody",
        event: Note {
            time: 0.0,
            duration: 2.0,
            channel: 0,
            note: 76,
            velocity: 100,
        },
    },
    TrackEvent {
        track: "Melody",
        event: Note {
            time: 2.0,
            duration: 2.0,
            channel: 0,
            note: 72,
            velocity: 100,
        },
    },
    TrackEvent {
        track: "Melody",
        event: Note {
            time: 2.0,
            duration: 2.0,
            channel: 0,
            note: 76,
            velocity: 100,
        },
    },
    TrackEvent {
        track: "Bass",
        event: Note {
            time: 4.0,
            duration: 2.0,
            channel: 1,
            note: 48,
            velocity: 100,
        },
    },
    TrackEvent {
        track: "Bass",
        event: Note {
            time: 4.0,
            duration: 2.0,
            channel: 1,
            note: 55,
            velocity: 100,
        },
    },
    TrackEvent {
        track: "Melody",
        event: Note {
            time: 4.0,
            duration: 2.0,
            channel: 0,
            note: 72,
            velocity: 100,
        },
    },
    TrackEvent {
        track: "Melody",
        event: Note {
            time: 4.0,
            duration: 2.0,
            channel: 0,
            note: 76,
            velocity: 100,
        },
    },
    TrackEvent {
        track: "Bass",
        event: Note {
            time: 8.0,
            duration: 2.0,
            channel: 1,
            note: 48,
            velocity: 100,
        },
    },
    TrackEvent {
        track: "Bass",
        event: Note {
            time: 8.0,
            duration: 2.0,
            channel: 1,
            note: 55,
            velocity: 100,
        },
    },
    TrackEvent {
        track: "Melody",
        event: Note {
            time: 8.0,
            duration: 2.0,
            channel: 0,
            note: 72,
            velocity: 100,
        },
    },
    TrackEvent {
        track: "Melody",
        event: Note {
            time: 8.0,
            duration: 2.0,
            channel: 0,
            note: 76,
            velocity: 100,
        },
    },
    TrackEvent {
        track: "Melody",
        event: Note {
            time: 10.0,
            duration: 2.0,
            channel: 0,
            note: 72,
            velocity: 100,
        },
    },
    TrackEvent {
        track: "Melody",
        event: Note {
            time: 10.0,
            duration: 2.0,
            channel: 0,
            note: 76,
            velocity: 100,
        },
    },
    TrackEvent {
        track: "Bass",
        event: Note {
            time: 12.0,
            duration: 2.0,
            channel: 1,
            note: 48,
            velocity: 100,
        },
    },
    TrackEvent {
        track: "Bass",
        event: Note {
            time: 12.0,
            duration: 2.0,
            channel: 1,
            note: 55,
            velocity: 100,
        },
    },
    TrackEvent {
        track: "Melody",
        event: Note {
            time: 12.0,
            duration: 2.0,
            channel: 0,
            note: 72,
            velocity: 100,
        },
    },
    TrackEvent {
        track: "Melody",
        event: Note {
            time: 12.0,
            duration: 2.0,
            channel: 0,
            note: 76,
            velocity: 100,
        },
    },
    TrackEvent {
        track: "Bass",
        event: Note {
            time: 16.0,
            duration: 2.0,
            channel: 1,
            note: 48,
            velocity: 100,
        },
    },
    TrackEvent {
        track: "Bass",
        event: Note {
            time: 16.0,
            duration: 2.0,
            channel: 1,
            note: 55,
            velocity: 100,
        },
    },
    TrackEvent {
        track: "Melody",
        event: Note {
            time: 16.0,
            duration: 2.0,
            channel: 0,
            note: 72,
            velocity: 100,
        },
    },
    TrackEvent {
        track: "Melody",
        event: Note {
            time: 16.0,
            duration: 2.0,
            channel: 0,
            note: 76,
            velocity: 100,
        },
    },
    TrackEvent {
        track: "Melody",
        event: Note {
            time: 18.0,
            duration: 2.0,
            channel: 0,
            note: 72,
            velocity: 100,
        },
    },
    TrackEvent {
        track: "Melody",
        event: Note {
            time: 18.0,
            duration: 2.0,
            channel: 0,
            note: 76,
            velocity: 100,
        },
    },
    TrackEvent {
        track: "Bass",
        event: Note {
            time: 20.0,
            duration: 4.0,
            channel: 1,
            note: 48,
            velocity: 100,
        },
    },
    TrackEvent {
        track: "Bass",
        event: Note {
            time: 20.0,
            duration: 4.0,
            channel: 1,
            note: 55,
            velocity: 100,
        },
    },
    TrackEvent {
        track: "Melody",
        event: Note {
            time: 20.0,
            duration: 2.0,
            channel: 0,
            note: 72,
            velocity: 100,
        },
    },
    TrackEvent {
        track: "Melody",
        event: Note {
            time: 20.0,
            duration: 2.0,
            channel: 0,
            note: 76,
            velocity: 100,
        },
    },
    TrackEvent {
        track: "Melody",
        event: Note {
            time: 22.0,
            duration: 2.0,
            channel: 0,
            note: 72,
            velocity: 100,
        },
    },
    TrackEvent {
        track: "Melody",
        event: Note {
            time: 22.0,
            duration: 2.0,
            channel: 0,
            note: 76,
            velocity: 100,
        },
    },
    TrackEvent {
        track: "Bass",
        event: Note {
            time: 24.0,
            duration: 2.0,
            channel: 1,
            note: 48,
            velocity: 100,
        },
    },
    TrackEvent {
        track: "Bass",
        event: Note {
            time: 24.0,
            duration: 2.0,
            channel: 1,
            note: 55,
            velocity: 100,
        },
    },
    TrackEvent {
        track: "Melody",
        event: Note {
            time: 24.0,
            duration: 2.0,
            channel: 0,
            note: 72,
            velocity: 100,
        },
    },
    TrackEvent {
        track: "Melody",
        event: Note {
            time: 24.0,
            duration: 2.0,
            channel: 0,
            note: 76,
            velocity: 100,
        },
    },
    TrackEvent {
        track: "Melody",
        event: Note {
            time: 26.0,
            duration: 2.0,
            channel: 0,
            note: 72,
            velocity: 100,
        },
    },
    TrackEvent {
        track: "Melody",
        event: Note {
            time: 26.0,
            duration: 2.0,
            channel: 0,
            note: 76,
            velocity: 100,
        },
    },
    TrackEvent {
        track: "Bass",
        event: Note {
            time: 28.0,
            duration: 2.0,
            channel: 1,
            note: 48,
            velocity: 100,
        },
    },
    TrackEvent {
        track: "Bass",
        event: Note {
            time: 28.0,
            duration: 2.0,
            channel: 1,
            note: 55,
            velocity: 100,
        },
    },
    TrackEvent {
        track: "Melody",
        event: Note {
            time: 28.0,
            duration: 2.0,
            channel: 0,
            note: 72,
            velocity: 100,
        },
    },
    TrackEvent {
        track: "Melody",
        event: Note {
            time: 28.0,
            duration: 2.0,
            channel: 0,
            note: 76,
            velocity: 100,
        },
    },
    TrackEvent {
        track: "Melody",
        event: Note {
            time: 30.0,
            duration: 2.0,
            channel: 0,
            note: 72,
            velocity: 100,
        },
    },
    TrackEvent {
        track: "Melody",
        event: Note {
            time: 30.0,
            duration: 2.0,
            channel: 0,
            note: 76,
            velocity: 100,
        },
    },
    TrackEvent {
        track: "Bass",
        event: Note {
            time: 32.0,
            duration: 2.0,
            channel: 1,
            note: 48,
            velocity: 100,
        },
    },
    TrackEvent {
        track: "Bass",
        event: Note {
            time: 32.0,
            duration: 2.0,
            channel: 1,
            note: 55,
            velocity: 100,
        },
    },
    TrackEvent {
        track: "Melody",
        event: Note {
            time: 32.0,
            duration: 2.0,
            channel: 0,
            note: 72,
            velocity: 100,
        },
    },
    TrackEvent {
        track: "Melody",
        event: Note {
            time: 32.0,
            duration: 2.0,
            channel: 0,
            note: 76,
            velocity: 100,
        },
    },
    TrackEvent {
        track: "Melody",
        event: Note {
            time: 34.0,
            duration: 2.0,
            channel: 0,
            note: 72,
            velocity: 100,
        },
    },
    TrackEvent {
        track: "Melody",
        event: Note {
            time: 34.0,
            duration: 2.0,
            channel: 0,
            note: 76,
            velocity: 100,
        },
    },
    TrackEvent {
        track: "Bass",
        event: Note {
            time: 36.0,
            duration: 2.0,
            channel: 1,
            note: 48,
            velocity: 100,
        },
    },
    TrackEvent {
        track: "Bass",
        event: Note {
            time: 36.0,
            duration: 2.0,
            channel: 1,
            note: 55,
            velocity: 100,
        },
    },
    TrackEvent {
        track: "Melody",
        event: Note {
            time: 36.0,
            duration: 2.0,
            channel: 0,
            note: 72,
            velocity: 100,
        },
    },
    TrackEvent {
        track: "Melody",
        event: Note {
            time: 36.0,
            duration: 2.0,
            channel: 0,
            note: 76,
            velocity: 100,
        },
    },
    TrackEvent {
        track: "Melody",
        event: Note {
            time: 38.0,
            duration: 2.0,
            channel: 0,
            note: 72,
            velocity: 100,
        },
    },
    TrackEvent {
        track: "Melody",
        event: Note {
            time: 38.0,
            duration: 2.0,
            channel: 0,
            note: 76,
            velocity: 100,
        },
    },
]
