---
source: tests/examples_test.rs
expression: events
---
[
    TrackEvent {
        track: "Lead",
        event: ControlChange {
            time: 0.0,
            channel: 0,
            cc: 10,
            value: 16,
        },
    },
    TrackEvent {
        track: "Lead",
        event: Note {
            time: 0.0,
            duration: 4.0,
            channel: 0,
            note: 60,
            velocity: 100,
        },
    },
    TrackEvent {
        track: "Lead",
        event: Note {
            time: 0.0,
            duration: 4.0,
            channel: 0,
            note: 64,
            velocity: 100,
        },
    },
    TrackEvent {
        track: "Lead",
        event: Note {
            time: 0.0,
            duration: 4.0,
            channel: 0,
            note: 67,
            velocity: 100,
        },
    },
    TrackEvent {
        track: "Lead",
        event: ControlChange {
            time: 4.0,
            channel: 0,
            cc: 10,
            value: 100,
        },
    },
    TrackEvent {
        track: "Lead",
        event: Note {
            time: 4.0,
            duration: 4.0,
            channel: 0,
            note: 60,
            velocity: 100,
        },
    },
    TrackEvent {
        track: "Lead",
        event: Note {
            time: 4.0,
            duration: 4.0,
            channel: 0,
            note: 64,
            velocity: 100,
        },
    },
    TrackEvent {
        track: "Lead",
        event: Note {
            time: 4.0,
            duration: 4.0,
            channel: 0,
            note: 67,
            velocity: 100,
        },
    },
]
