---
source: tests/examples_test.rs
expression: events
---
[
    TrackEvent {
        track: "Track",
        event: Note {
            time: 0.0,
            duration: 1.3333333333333333,
            channel: 0,
            note: 72,
            velocity: 100,
        },
    },
    TrackEvent {
        track: "Track",
        event: Note {
            time: 0.0,
            duration: 4.0,
            channel: 0,
            note: 74,
            velocity: 100,
        },
    },
    TrackEvent {
        track: "Track",
        event: Note {
            time: 2.6666666666666665,
            duration: 1.3333333333333335,
            channel: 0,
            note: 72,
            velocity: 100,
        },
    },
    TrackEvent {
        track: "Track",
        event: Note {
            time: 4.0,
            duration: 4.0,
            channel: 0,
            note: 72,
            velocity: 100,
        },
    },
    TrackEvent {
        track: "Track",
        event: Note {
            time: 4.0,
            duration: 4.0,
            channel: 0,
            note: 74,
            velocity: 100,
        },
    },
    TrackEvent {
        track: "Track",
        event: Note {
            time: 8.0,
            duration: 1.333333333333334,
            channel: 0,
            note: 72,
            velocity: 100,
        },
    },
    TrackEvent {
        track: "Track",
        event: Note {
            time: 8.0,
            duration: 4.0,
            channel: 0,
            note: 74,
            velocity: 100,
        },
    },
    TrackEvent {
        track: "Track",
        event: Note {
            time: 10.666666666666666,
            duration: 1.333333333333334,
            channel: 0,
            note: 72,
            velocity: 100,
        },
    },
    TrackEvent {
        track: "Track",
        event: Note {
            time: 12.0,
            duration: 4.0,
            channel: 0,
            note: 72,
            velocity: 100,
        },
    },
    TrackEvent {
        track: "Track",
        event: Note {
            time: 12.0,
            duration: 4.0,
            channel: 0,
            note: 74,
            velocity: 100,
        },
    },
]
