---
source: tests/error_test.rs
expression: error_trace
---
loom::parser::validation

  × Validation error: Invalid signature 'Invalid': expected <numerator>/<denominator>
   ╭─[input:1:1]
 1 │ ---
   · ─┬─
   ·  ╰── Invalid value
 2 │ title: "Invalid Signature"
   ╰────
  help: Example: signature: 4/4
