---
source: tests/error_test.rs
expression: error_trace
---
loom::compiler::context

  × while compiling track 'Track'
  ├─▶ while compiling template call 'A'
  ├─▶ while compiling nested template call 'B'
  ├─▶ while compiling nested template call 'C'
  ├─▶ while compiling nested template call 'A'
  ╰─▶ Circular template reference detected: @A -> @B -> @C -> @A
