---
source: tests/examples.rs
expression: events
---
[
    MidiEvent {
        time: 0.0,
        duration: 1.0,
        channel: 1,
        note: 67,
        velocity: 100,
    },
    MidiEvent {
        time: 0.0,
        duration: 1.3333333333333333,
        channel: 1,
        note: 64,
        velocity: 100,
    },
    MidiEvent {
        time: 0.0,
        duration: 4.0,
        channel: 1,
        note: 60,
        velocity: 100,
    },
    MidiEvent {
        time: 0.0,
        duration: 0.5,
        channel: 10,
        note: 36,
        velocity: 100,
    },
    MidiEvent {
        time: 0.5,
        duration: 0.5,
        channel: 10,
        note: 42,
        velocity: 100,
    },
    MidiEvent {
        time: 1.0,
        duration: 0.5,
        channel: 10,
        note: 36,
        velocity: 100,
    },
    MidiEvent {
        time: 1.0,
        duration: 0.16666666666666666,
        channel: 10,
        note: 38,
        velocity: 100,
    },
    MidiEvent {
        time: 1.1666666666666667,
        duration: 0.16666666666666666,
        channel: 10,
        note: 38,
        velocity: 100,
    },
    MidiEvent {
        time: 1.3333333333333333,
        duration: 1.3333333333333333,
        channel: 1,
        note: 64,
        velocity: 100,
    },
    MidiEvent {
        time: 1.3333333333333333,
        duration: 0.16666666666666666,
        channel: 10,
        note: 38,
        velocity: 100,
    },
    MidiEvent {
        time: 1.5,
        duration: 0.5,
        channel: 10,
        note: 42,
        velocity: 100,
    },
    MidiEvent {
        time: 2.0,
        duration: 1.0,
        channel: 1,
        note: 67,
        velocity: 100,
    },
    MidiEvent {
        time: 2.0,
        duration: 0.5,
        channel: 10,
        note: 36,
        velocity: 100,
    },
    MidiEvent {
        time: 2.5,
        duration: 0.5,
        channel: 10,
        note: 42,
        velocity: 100,
    },
    MidiEvent {
        time: 2.6666666666666665,
        duration: 1.3333333333333333,
        channel: 1,
        note: 64,
        velocity: 100,
    },
    MidiEvent {
        time: 3.0,
        duration: 0.5,
        channel: 10,
        note: 36,
        velocity: 100,
    },
    MidiEvent {
        time: 3.0,
        duration: 0.5,
        channel: 10,
        note: 38,
        velocity: 100,
    },
    MidiEvent {
        time: 3.5,
        duration: 0.5,
        channel: 10,
        note: 42,
        velocity: 100,
    },
    MidiEvent {
        time: 4.0,
        duration: 5.333333333333333,
        channel: 1,
        note: 60,
        velocity: 100,
    },
    MidiEvent {
        time: 8.0,
        duration: 1.3333333333333333,
        channel: 1,
        note: 67,
        velocity: 100,
    },
    MidiEvent {
        time: 9.333333333333334,
        duration: 1.3333333333333333,
        channel: 1,
        note: 64,
        velocity: 100,
    },
    MidiEvent {
        time: 10.666666666666666,
        duration: 1.3333333333333333,
        channel: 1,
        note: 60,
        velocity: 100,
    },
]
